Connected to Neo4j using Bolt protocol version 5.1 at neo4j://neo4j:7687 as user neo4j.
Type :help for a list of available commands or :exit to exit the shell.
Note that Cypher queries must end with a semicolon.
neo4j@neo4j> Timeout after idling, avoid this by increasing --idle-timeout or omitting it completely.